The ``add_integer`` module
==========================
This module defines an integer addition function ``add_integer(a, b=98)``

Usage
------

Returns the sum of two numbers.

::

>>> add_integer = __import__('0-add_integer').add_integer
>>> add_integer(5, 2)
7

::
>>> add_integer(2, -1)
1

::
>>> add_integer(5.3, 0.06)
5

::
>>> add_integer(5)
103

::
>>> add_integer("hello\n")
Traceback (most recent call last):
TypeError: a must be an integer


::
>>> add_integer(None)
Traceback (most recent call last):
TypeError: a must be an integer


::
>>> add_integer(3.0, None)
Traceback (most recent call last):
TypeError: b must be an integer


::
>>> add_integer(float('inf'))
Traceback (most recent call last):
OverflowError: cannot convert float infinity to integer

>>> add_integer(float('nan'))
Traceback (most recent call last):
ValueError: cannot convert float NaN to integer


::
>>> add_integer(3, float('nan'))
Traceback (most recent call last):
ValueError: cannot convert float NaN to integer
