The ``say_my_name`` module
==========================
Defines name-printing function ``say_my_name(first_name, last_name="")``

Usage
------

Returns the sum of two numbers.

::
>>> say_my_name = __import__('3-say_my_name').say_my_name
>>> say_my_name("John", "Kennedy")
My name is John Kennedy

>>> say_my_name("Julius Ceasar")  # doctest: +NORMALIZE_WHITESPACE
My name is Julius Ceasar

>>> say_my_name("Hope", None)
Traceback (most recent call last):
TypeError: last_name must be a string

>>> say_my_name(0, two)
Traceback (most recent call last):
NameError: name 'two' is not defined

>>> say_my_name("Bob", "50/2")
My name is Bob 50/2

>>> say_my_name()
Traceback (most recent call last):
TypeError: say_my_name() missing 1 required positional argument: 'first_name'

>>> say_my_name("")  # doctest: +NORMALIZE_WHITESPACE
My name is

>>> say_my_name("\n")  # doctest: +NORMALIZE_WHITESPACE
My name is
<BLANKLINE>

>>> say_my_name("^^^")  # doctest: +NORMALIZE_WHITESPACE
My name is ^^^
