================================
How to Use 5-text_indentation.py
================================

This module defines a text-indentation function ``text_indentation(text)``.

Usage
=====

Text is printed with two new lines after each of the characters ``.``, ``?``,
and ``:``.

::

>>> text_indentation = __import__('5-text_indentation').text_indentation
>>> text_indentation("Hi?")  # doctest: +NORMALIZE_WHITESPACE
Hi?
<BLANKLINE>

>>> text_indentation("   No spaces at the beginning.")  # doctest: +NORMALIZE_WHITESPACE
No spaces at the beginning.

>>> text_indentation("           ")  # doctest: +NORMALIZE_WHITESPACE
>>> text_indentation("Hey there.       ")  # doctest: +NORMALIZE_WHITESPACE
Hey there.

>>> text_indentation("    Also, no spaces here.    And here too.   ")  # doctest: +NORMALIZE_WHITESPACE
Also, no spaces here.
<BLANKLINE>
And here too.
<BLANKLINE>

>>> text_indentation("More new lines\n ")  # doctest: +NORMALIZE_WHITESPACE
More new lines
>>> text_indentation("More new \nlines.")  # doctest: +NORMALIZE_WHITESPACE
More new
lines.
<BLANKLINE>

>>> text_indentation("More new:\nlines.")  # doctest: +NORMALIZE_WHITESPACE
More new:
<BLANKLINE>
<BLANKLINE>
lines.
<BLANKLINE>

>>> text_indentation("Lorem ipsum dolor sit amet, consectetur adipiscing "
... "elit. Quonam modo? Utrum igitur tibi litteram videor an totas paginas "
... "commovere? Non autem hoc: igitur ne illud quidem. Fortasse id optimum, "
... "sed ubi illud: Plus semper voluptatis? Teneo, inquit, finem illi videri "
... "nihil dolere. Transfer idem ad modestiam vel temperantiam, quae est "
... "moderatio cupiditatum rationi oboediens. Si id dicis, vicimus. Inde "
... "sermone vario sex illa a Dipylo stadia confecimus. Sin aliud quid "
... "voles, postea. Quae animi affectio suum cuique tribuens atque hanc, "
... "quam dico. Utinam quidem dicerent alium alio beatiorem! Iam ruinas "
... "videres") # doctest: +NORMALIZE_WHITESPACE
Lorem ipsum dolor sit amet, consectetur adipiscing elit.
<BLANKLINE>
Quonam modo?
<BLANKLINE>
Utrum igitur tibi litteram videor an totas paginas commovere?
<BLANKLINE>
Non autem hoc:
<BLANKLINE>
igitur ne illud quidem.
<BLANKLINE>
Fortasse id optimum, sed ubi illud:
<BLANKLINE>
Plus semper voluptatis?
<BLANKLINE>
Teneo, inquit, finem illi videri nihil dolere.
<BLANKLINE>
Transfer idem ad modestiam vel temperantiam,
quae est moderatio cupiditatum rationi oboediens.
<BLANKLINE>
Si id dicis, vicimus.
<BLANKLINE>
Inde sermone vario sex illa a Dipylo stadia confecimus.
<BLANKLINE>
Sin aliud quid voles, postea.
<BLANKLINE>
Quae animi affectio suum cuique tribuens atque hanc, quam dico.
<BLANKLINE>
Utinam quidem dicerent alium alio beatiorem! Iam ruinas videres

Invalid Text
============

The paramter ``text`` must be a string. Otherwise, a TypeError is raised.

>>> text_indentation(0)
Traceback (most recent call last):
TypeError: text must be a string

>>> text_indentation(None)
Traceback (most recent call last):
TypeError: text must be a string

>>> text_indentation([1, 2, 3])
Traceback (most recent call last):
TypeError: text must be a string

>>> text_indentation({"one": 1, "two": 2})
Traceback (most recent call last):
TypeError: text must be a string
