>>> BaseGeometry = __import__('7-base_geometry').BaseGeometry

>>> bg = BaseGeometry()

>>> bg.area()
Traceback (most recent call last):
Exception: area() is not implemented

>>> bg.integer_validator("height", 20)

>>> bg.integer_validator("height", 2)

>>> bg.integer_validator("height", "alpha") 
Traceback (most recent call last):
TypeError: <name> must be an integer

>>> bg.integer_validator("height", None)    
Traceback (most recent call last):
TypeError: <name> must be an integer

>>> bg.integer_validator(-90, 4)

>>> bg.integer_validator(None, 8)

>>> bg.integer_validator(None, None) 
Traceback (most recent call last):
TypeError: <name> must be an integer

>>> bg.integer_validator(None, [1, 2, 4])
Traceback (most recent call last):
TypeError: <name> must be an integer

>>> bg.integer_validator()
Traceback (most recent call last):
TypeError: integer_validator() missing 2 required positional arguments: 'name' and 'value'

>>> bg.integer_validator("height", 0)
Traceback (most recent call last):
ValueError: <name> must be greater than 0

